<testsuites id="" name="" tests="11" failures="0" skipped="0" errors="0" time="17.404443000000004">
<testsuite name="storybook.spec.ts" timestamp="2025-12-13T14:44:07.897Z" hostname="chromium" tests="11" failures="0" skipped="0" time="23.28" errors="0">
<testcase name="Storybook Visual Regression › homepage loads correctly" classname="storybook.spec.ts" time="4.837">
</testcase>
<testcase name="Storybook Visual Regression › sidebar navigation is visible" classname="storybook.spec.ts" time="0.584">
</testcase>
<testcase name="Storybook Visual Regression › can navigate to a story" classname="storybook.spec.ts" time="5.169">
</testcase>
<testcase name="Storybook Visual Regression › toolbar controls are visible" classname="storybook.spec.ts" time="0.892">
</testcase>
<testcase name="Component Smoke Tests › ChatWindow default story renders" classname="storybook.spec.ts" time="2.99">
</testcase>
<testcase name="Component Smoke Tests › Message conversation story renders" classname="storybook.spec.ts" time="2.486">
</testcase>
<testcase name="Component Smoke Tests › Input default story renders and is editable" classname="storybook.spec.ts" time="2.521">
</testcase>
<testcase name="Accessibility › has no automatically detectable accessibility issues" classname="storybook.spec.ts" time="0.783">
</testcase>
<testcase name="Responsive Design › renders correctly on mobile" classname="storybook.spec.ts" time="0.922">
</testcase>
<testcase name="Responsive Design › renders correctly on tablet" classname="storybook.spec.ts" time="1.005">
</testcase>
<testcase name="Responsive Design › renders correctly on desktop" classname="storybook.spec.ts" time="1.091">
</testcase>
</testsuite>
</testsuites>